// Jest Snapshot v1, https://goo.gl/fbAQLP

exports[`::from throws an error when input is "Array-like with negative index" 1`] = `"Must provide an iterable, an Array-like value, or a Promise."`;

exports[`::from throws an error when input is "Array-like with too large an index" 1`] = `"Must provide an iterable, an Array-like value, or a Promise."`;

exports[`::from throws an error when input is "Symbol" 1`] = `"Must provide an iterable, an Array-like value, or a Promise."`;

exports[`::from throws an error when input is "non-iterable object" 1`] = `"Must provide an iterable, an Array-like value, or a Promise."`;

exports[`::from throws an error when input is "number" 1`] = `"Must provide an iterable, an Array-like value, or a Promise."`;

exports[`::from throws an error when input is false 1`] = `"Must provide an iterable, an Array-like value, or a Promise."`;

exports[`::from throws an error when input is null 1`] = `"Must provide an iterable, an Array-like value, or a Promise."`;

exports[`::from throws an error when input is true 1`] = `"Must provide an iterable, an Array-like value, or a Promise."`;

exports[`::from throws an error when input is undefined 1`] = `"Must provide an iterable, an Array-like value, or a Promise."`;
